// Jest Snapshot v1, https://goo.gl/fbAQLP

exports[`<App /> should Match a Snapshot 1`] = `
<div
  className="App"
>
  <CommentList />
  <CommentBox
    saveComment={[Function]}
  />
</div>
`;
